org/bsoftware/ward/dto/MachineDto.class
org/bsoftware/ward/exceptions/ApplicationNotSetUpException.class
org/bsoftware/ward/services/InfoService.class
org/bsoftware/ward/dto/ErrorDto.class
org/bsoftware/ward/dto/SetupDto.class
org/bsoftware/ward/dto/StorageDto.class
org/bsoftware/ward/dto/UptimeDto.class
org/bsoftware/ward/services/SetupService.class
org/bsoftware/ward/dto/ProcessorDto.class
org/bsoftware/ward/dto/ResponseDto.class
org/bsoftware/ward/components/ServletComponent.class
org/bsoftware/ward/controllers/IndexController.class
org/bsoftware/ward/dto/UsageDto.class
org/bsoftware/ward/controllers/SetupController.class
org/bsoftware/ward/services/UsageService.class
org/bsoftware/ward/dto/ProjectDto.class
org/bsoftware/ward/configurations/BeanConfiguration.class
org/bsoftware/ward/controllers/InfoController.class
org/bsoftware/ward/Ward.class
org/bsoftware/ward/controllers/ErrorController.class
org/bsoftware/ward/dto/InfoDto.class
org/bsoftware/ward/services/ErrorService.class
org/bsoftware/ward/components/UtilitiesComponent.class
org/bsoftware/ward/handlers/ControllerExceptionHandler.class
org/bsoftware/ward/controllers/UsageController.class
org/bsoftware/ward/services/IndexService.class
