/home/runner/work/Ward/Ward/src/main/java/org/bsoftware/ward/services/IndexService.java
/home/runner/work/Ward/Ward/src/main/java/org/bsoftware/ward/services/ErrorService.java
/home/runner/work/Ward/Ward/src/main/java/org/bsoftware/ward/dto/StorageDto.java
/home/runner/work/Ward/Ward/src/main/java/org/bsoftware/ward/dto/SetupDto.java
/home/runner/work/Ward/Ward/src/main/java/org/bsoftware/ward/controllers/UsageController.java
/home/runner/work/Ward/Ward/src/main/java/org/bsoftware/ward/handlers/ControllerExceptionHandler.java
/home/runner/work/Ward/Ward/src/main/java/org/bsoftware/ward/dto/UptimeDto.java
/home/runner/work/Ward/Ward/src/main/java/org/bsoftware/ward/dto/InfoDto.java
/home/runner/work/Ward/Ward/src/main/java/org/bsoftware/ward/dto/ProjectDto.java
/home/runner/work/Ward/Ward/src/main/java/org/bsoftware/ward/dto/ErrorDto.java
/home/runner/work/Ward/Ward/src/main/java/org/bsoftware/ward/services/SetupService.java
/home/runner/work/Ward/Ward/src/main/java/org/bsoftware/ward/configurations/BeanConfiguration.java
/home/runner/work/Ward/Ward/src/main/java/org/bsoftware/ward/Ward.java
/home/runner/work/Ward/Ward/src/main/java/org/bsoftware/ward/controllers/IndexController.java
/home/runner/work/Ward/Ward/src/main/java/org/bsoftware/ward/components/UtilitiesComponent.java
/home/runner/work/Ward/Ward/src/main/java/org/bsoftware/ward/services/InfoService.java
/home/runner/work/Ward/Ward/src/main/java/org/bsoftware/ward/controllers/ErrorController.java
/home/runner/work/Ward/Ward/src/main/java/org/bsoftware/ward/controllers/InfoController.java
/home/runner/work/Ward/Ward/src/main/java/org/bsoftware/ward/dto/UsageDto.java
/home/runner/work/Ward/Ward/src/main/java/org/bsoftware/ward/components/ServletComponent.java
/home/runner/work/Ward/Ward/src/main/java/org/bsoftware/ward/controllers/SetupController.java
/home/runner/work/Ward/Ward/src/main/java/org/bsoftware/ward/dto/ResponseDto.java
/home/runner/work/Ward/Ward/src/main/java/org/bsoftware/ward/services/UsageService.java
/home/runner/work/Ward/Ward/src/main/java/org/bsoftware/ward/dto/MachineDto.java
/home/runner/work/Ward/Ward/src/main/java/org/bsoftware/ward/exceptions/ApplicationNotSetUpException.java
/home/runner/work/Ward/Ward/src/main/java/org/bsoftware/ward/dto/ProcessorDto.java
